
> assembleone@0.1.0 build
> next build

  Γû▓ Next.js 14.2.35
  - Environments: .env.local

   Creating an optimized production build ...
 Γ£ô Compiled successfully
   Skipping validation of types
   Skipping linting
   Collecting page data ...
   Generating static pages (0/72) ...
node.exe : Proactive scan cron error: Dynamic 
server usage: Route /api/cron/proactive-scan 
couldn't be rendered statically because it used 
`request.headers`. See more info here: https://nex
tjs.org/docs/messages/dynamic-server-error
At line:1 char:1
+ & "C:\Program Files\nodejs/node.exe" 
"C:\Program Files\nodejs/node_mo ...
+ ~~~~~~~~~~~~~~~~~~~~~~~~~~~~~~~~~~~~~~~~~~~~~~~~
~~~~~~~~~~~~~~~~~~~~~
    + CategoryInfo          : NotSpecified: (Proa 
   ctive scan ...ic-server-error:String) [], Rem  
  oteException
    + FullyQualifiedErrorId : NativeCommandError
 
Briefing history error: n [Error]: Dynamic server 
usage: Route /api/finance/briefing/history 
couldn't be rendered statically because it used 
`cookies`. See more info here: https://nextjs.org/
docs/messages/dynamic-server-error
    at l (C:\Users\H5CD3\Downloads\assemble one 
com\one-\.next\server\chunks\8948.js:1:37220)
    at f (C:\Users\H5CD3\Downloads\assemble one 
com\one-\.next\server\chunks\1615.js:1:1692)
    at c (C:\Users\H5CD3\Downloads\assemble one co
m\one-\.next\server\app\api\export\route.js:1:2948
)
    at async d (C:\Users\H5CD3\Downloads\assemble 
one com\one-\.next\server\app\api\export\route.js:
1:3278)
    at async c (C:\Users\H5CD3\Downloads\assemble 
one com\one-\.next\server\app\api\finance\briefing
\history\route.js:1:821)
    at async C:\Users\H5CD3\Downloads\assemble 
one com\one-\node_modules\next\dist\compiled\next-
server\app-route.runtime.prod.js:6:38411
    at async e_.execute 
(C:\Users\H5CD3\Downloads\assemble one com\one-\no
de_modules\next\dist\compiled\next-server\app-rout
e.runtime.prod.js:6:27880)
    at async e_.handle 
(C:\Users\H5CD3\Downloads\assemble one com\one-\no
de_modules\next\dist\compiled\next-server\app-rout
e.runtime.prod.js:6:39943)
    at async exportAppRoute 
(C:\Users\H5CD3\Downloads\assemble one com\one-\no
de_modules\next\dist\export\routes\app-route.js:77
:26)
    at async exportPageImpl 
(C:\Users\H5CD3\Downloads\assemble one com\one-\no
de_modules\next\dist\export\worker.js:175:20) {
  description: "Route 
/api/finance/briefing/history couldn't be 
rendered statically because it used `cookies`. 
See more info here: https://nextjs.org/docs/messag
es/dynamic-server-error",
  digest: 'DYNAMIC_SERVER_USAGE'
}
Recent docs error: n [Error]: Dynamic server 
usage: Route /api/finance/documents/recent 
couldn't be rendered statically because it used 
`cookies`. See more info here: https://nextjs.org/
docs/messages/dynamic-server-error
    at l (C:\Users\H5CD3\Downloads\assemble one 
com\one-\.next\server\chunks\8948.js:1:37220)
    at f (C:\Users\H5CD3\Downloads\assemble one 
com\one-\.next\server\chunks\1615.js:1:1692)
    at u (C:\Users\H5CD3\Downloads\assemble one co
m\one-\.next\server\app\api\finance\agent\route.js
:106:2604)
    at async m (C:\Users\H5CD3\Downloads\assemble 
one com\one-\.next\server\app\api\finance\agent\ro
ute.js:106:2934)
    at async u (C:\Users\H5CD3\Downloads\assemble 
one com\one-\.next\server\app\api\finance\document
s\recent\route.js:1:822)
    at async C:\Users\H5CD3\Downloads\assemble 
one com\one-\node_modules\next\dist\compiled\next-
server\app-route.runtime.prod.js:6:38411
    at async e_.execute 
(C:\Users\H5CD3\Downloads\assemble one com\one-\no
de_modules\next\dist\compiled\next-server\app-rout
e.runtime.prod.js:6:27880)
    at async e_.handle 
(C:\Users\H5CD3\Downloads\assemble one com\one-\no
de_modules\next\dist\compiled\next-server\app-rout
e.runtime.prod.js:6:39943)
    at async exportAppRoute 
(C:\Users\H5CD3\Downloads\assemble one com\one-\no
de_modules\next\dist\export\routes\app-route.js:77
:26)
    at async exportPageImpl 
(C:\Users\H5CD3\Downloads\assemble one com\one-\no
de_modules\next\dist\export\worker.js:175:20) {
  description: "Route 
/api/finance/documents/recent couldn't be 
rendered statically because it used `cookies`. 
See more info here: https://nextjs.org/docs/messag
es/dynamic-server-error",
  digest: 'DYNAMIC_SERVER_USAGE'
}
Subscriptions error: n [Error]: Dynamic server 
usage: Route /api/finance/expenses/subscriptions 
couldn't be rendered statically because it used 
`cookies`. See more info here: https://nextjs.org/
docs/messages/dynamic-server-error
    at l (C:\Users\H5CD3\Downloads\assemble one 
com\one-\.next\server\chunks\8948.js:1:37220)
    at f (C:\Users\H5CD3\Downloads\assemble one 
com\one-\.next\server\chunks\1615.js:1:1692)
    at c (C:\Users\H5CD3\Downloads\assemble one 
com\one-\.next\server\chunks\1799.js:218:2218)
    at async _ (C:\Users\H5CD3\Downloads\assemble 
one com\one-\.next\server\chunks\1799.js:218:2548)
    at async c (C:\Users\H5CD3\Downloads\assemble 
one com\one-\.next\server\app\api\finance\expenses
\subscriptions\route.js:1:822)
    at async C:\Users\H5CD3\Downloads\assemble 
one com\one-\node_modules\next\dist\compiled\next-
server\app-route.runtime.prod.js:6:38411
    at async e_.execute 
(C:\Users\H5CD3\Downloads\assemble one com\one-\no
de_modules\next\dist\compiled\next-server\app-rout
e.runtime.prod.js:6:27880)
    at async e_.handle 
(C:\Users\H5CD3\Downloads\assemble one com\one-\no
de_modules\next\dist\compiled\next-server\app-rout
e.runtime.prod.js:6:39943)
    at async exportAppRoute 
(C:\Users\H5CD3\Downloads\assemble one com\one-\no
de_modules\next\dist\export\routes\app-route.js:77
:26)
    at async exportPageImpl 
(C:\Users\H5CD3\Downloads\assemble one com\one-\no
de_modules\next\dist\export\worker.js:175:20) {
  description: "Route 
/api/finance/expenses/subscriptions couldn't be 
rendered statically because it used `cookies`. 
See more info here: https://nextjs.org/docs/messag
es/dynamic-server-error",
  digest: 'DYNAMIC_SERVER_USAGE'
}

<--- Last few GCs --->

[20684:000001F3F57AD000]      473 ms: Scavenge 
9.9 (12.5) -> 8.8 (13.5) MB, pooled: 0 MB, 1.67 / 
0.00 ms  (average mu = 1.000, current mu = 1.000) 
allocation failure; 
[20684:000001F3F57AD000]      663 ms: Scavenge 
13.4 (16.2) -> 12.2 (20.7) MB, pooled: 0 MB, 1.42 
/ 0.00 ms  (average mu = 1.000, current mu = 
1.000) allocation failure; 
[20684:000001F3F57AD000]     1182 ms: Scavenge 
17.8 (22.5) -> 15.6 (23.5) MB, pooled: 0 MB, 4.65 
/ 0.00 ms  (average mu = 1.000, current mu = 
1.000) allocation failure; 


<--- JS stacktrace --->

FATAL ERROR: NewSpace::EnsureCurrentCapacity 
Allocation failed - JavaScript heap out of memory
----- Native stack trace -----

 1: 00007FF7C11918E7 
 2: 00007FF7C10F212B 
 3: 00007FF7C1CFAE51 
 4: 00007FF7C1CE7916 
 5: 00007FF7C1B44060 
 6: 00007FF7C1B20DE0 
 7: 00007FF7C1B4ACFB 
 8: 00007FF7C1B4D30E 
 9: 00007FF7C1B3D12D 
10: 00007FF7C1B38CE5 
11: 00007FF7C14C273D 
 Γ¿» Next.js build worker exited with code: 134 
and signal: null
