src/components/dashboard/artifacts/RevenueArtifact.tsx(137,23): error TS7053: Element implicitly has an 'any' type because expression of type '`days_${number}`' can't be used to index type 'FinanceRunwayForecast'.
src/components/dashboard/artifacts/WarRoomArtifact.tsx(69,20): error TS2345: Argument of type '(current: (WarRoomSubroutine & { status: "live" | "running" | "ready" | "active" | "halted"; })[]) => { status: "halted"; id: string; name: string; stat: string; color: "green" | ... 2 more ... | "gold"; icon: "target" | ... 2 more ... | "zap"; }[]' is not assignable to parameter of type 'SetStateAction<(WarRoomSubroutine & { status: "live" | "running" | "ready" | "active" | "halted"; })[]>'.
  Type '(current: (WarRoomSubroutine & { status: "live" | "running" | "ready" | "active" | "halted"; })[]) => { status: "halted"; id: string; name: string; stat: string; color: "green" | ... 2 more ... | "gold"; icon: "target" | ... 2 more ... | "zap"; }[]' is not assignable to type '(prevState: (WarRoomSubroutine & { status: "live" | "running" | "ready" | "active" | "halted"; })[]) => (WarRoomSubroutine & { status: "live" | "running" | "ready" | "active" | "halted"; })[]'.
    Type '{ status: "halted"; id: string; name: string; stat: string; color: "green" | "violet" | "ember" | "gold"; icon: "target" | "mail" | "bar-chart" | "zap"; }[]' is not assignable to type '(WarRoomSubroutine & { status: "live" | "running" | "ready" | "active" | "halted"; })[]'.
      Type '{ status: "halted"; id: string; name: string; stat: string; color: "green" | "violet" | "ember" | "gold"; icon: "target" | "mail" | "bar-chart" | "zap"; }' is not assignable to type 'WarRoomSubroutine & { status: "live" | "running" | "ready" | "active" | "halted"; }'.
        Type '{ status: "halted"; id: string; name: string; stat: string; color: "green" | "violet" | "ember" | "gold"; icon: "target" | "mail" | "bar-chart" | "zap"; }' is not assignable to type 'WarRoomSubroutine'.
          Types of property 'status' are incompatible.
            Type '"halted"' is not assignable to type '"live" | "running" | "ready" | "active"'.
src/components/dashboard/artifacts/WarRoomArtifact.tsx(211,33): error TS2367: This comparison appears to be unintentional because the types '"running" | "ready"' and '"halted"' have no overlap.
src/components/dashboard/artifacts/WarRoomArtifact.tsx(219,33): error TS2367: This comparison appears to be unintentional because the types '"running" | "ready"' and '"halted"' have no overlap.
src/components/dashboard/artifacts/WarRoomArtifact.tsx(227,33): error TS2367: This comparison appears to be unintentional because the types '"running" | "ready"' and '"halted"' have no overlap.
src/lib/dashboard.ts(119,90): error TS2345: Argument of type 'string' is not assignable to parameter of type 'LeadSource'.
src/lib/dashboard.ts(124,11): error TS2322: Type 'string' is not assignable to type 'ScrapeSource'.
src/lib/dashboard.ts(126,23): error TS2352: Conversion of type 'RawLinkedInProfile | RawGitHubProfile' to type 'Record<string, unknown>' may be a mistake because neither type sufficiently overlaps with the other. If this was intentional, convert the expression to 'unknown' first.
  Type 'RawGitHubProfile' is not comparable to type 'Record<string, unknown>'.
    Index signature for type 'string' is missing in type 'RawGitHubProfile'.
src/lib/dashboard.ts(146,67): error TS2345: Argument of type 'string' is not assignable to parameter of type 'ScrapeSource'.
src/lib/openai.ts(709,14): error TS2339: Property 'synthesis_lines' does not exist on type 'Partial<BMOProfileUpdate>'.
